// 重构日志: 29ddf1a7
// 同步 ID: d718b455 @ Sat Jul 18 18:37:14 UTC 2026
// 重构日志: f6972e80
// 同步 ID: 297e449f @ Tue Jul 21 18:40:28 UTC 2026
// 同步 ID: 3a7a71e5 @ Wed Jul 22 12:56:08 UTC 2026
// 同步 ID: 334b1665 @ Thu Jul 23 13:22:12 UTC 2026
// 同步 ID: 64521428 @ Sat Jul 25 15:44:39 UTC 2026
// 同步 ID: 3e4e79cf @ Sun Jul 26 04:18:02 UTC 2026
// 重构日志: 51f2b768
// 重构日志: 6986a773
// 重构日志: 2a629d26
// 重构日志: 298419a8
// 同步 ID: 986ba9d8 @ Tue Jul 28 00:55:28 UTC 2026
// 重构日志: 5982873d
// 同步 ID: 3e85c0fe @ Wed Jul 29 07:36:52 UTC 2026
// 同步 ID: be25fea6 @ Wed Jul 29 10:01:47 UTC 2026
// 重构日志: bd356433
// 同步 ID: 05cba1c0 @ Thu Jul 30 09:47:01 UTC 2026
// 同步 ID: b7ac35df @ Thu Jul 30 12:58:16 UTC 2026
// 同步 ID: 792fa927 @ Thu Jul 30 19:15:35 UTC 2026
// 同步 ID: b99653c3 @ Fri Jul 31 13:34:11 UTC 2026
// 重构日志: 90f217bf
// 同步 ID: cb4a8d14 @ Sat Aug  1 11:47:26 UTC 2026
// 重构日志: 37715fca
// 同步 ID: 44beb932 @ Mon Aug  3 16:02:38 UTC 2026
// 重构日志: 44e41d99
// 同步 ID: f37afa27 @ Wed Aug  5 16:04:44 UTC 2026
// 同步 ID: f3db85e6 @ Wed Aug  5 20:37:19 UTC 2026
// 同步 ID: d047b832 @ Thu Aug  6 07:28:42 UTC 2026
// 同步 ID: 3cc3a21d @ Thu Aug  6 15:48:02 UTC 2026
